--------------------------------------------------------------------------------------
Timing Analyzer Summary
--------------------------------------------------------------------------------------

Type           : Worst-case tsu
Slack          : N/A
Required Time  : None
Actual Time    : 5.812 ns
From           : Input[1]
To             : 8bitlatch:inst1|inst7
From Clock     : --
To Clock       : Enable
Failed Paths   : 0

Type           : Worst-case tco
Slack          : N/A
Required Time  : None
Actual Time    : 8.070 ns
From           : 8bitlatch:inst1|inst
To             : O[0]
From Clock     : Enable
To Clock       : --
Failed Paths   : 0

Type           : Worst-case th
Slack          : N/A
Required Time  : None
Actual Time    : -0.929 ns
From           : Input[0]
To             : 8bitlatch:inst1|inst7
From Clock     : --
To Clock       : Enable
Failed Paths   : 0

Type           : Total number of failed paths
Slack          : 
Required Time  : 
Actual Time    : 
From           : 
To             : 
From Clock     : 
To Clock       : 
Failed Paths   : 0

--------------------------------------------------------------------------------------

