--------------------------------------------------------------------------------------
Timing Analyzer Summary
--------------------------------------------------------------------------------------

Type           : Worst-case tco
Slack          : N/A
Required Time  : None
Actual Time    : 16.393 ns
From           : wimp51:inst3|ir_out_7
To             : acc1[1]
From Clock     : clk
To Clock       : --
Failed Paths   : 0

Type           : Clock Setup: 'clk'
Slack          : N/A
Required Time  : None
Actual Time    : 163.43 MHz ( period = 6.119 ns )
From           : I8051_ROM:inst|data[3]
To             : wimp51:inst3|ir_out_3
From Clock     : clk
To Clock       : clk
Failed Paths   : 0

Type           : Clock Hold: 'clk'
Slack          : Not operational: Clock Skew > Data Delay
Required Time  : None
Actual Time    : N/A
From           : wimp51:inst3|addr_dup0_4
To             : I8051_ROM:inst|data[7]
From Clock     : clk
To Clock       : clk
Failed Paths   : 44

Type           : Total number of failed paths
Slack          : 
Required Time  : 
Actual Time    : 
From           : 
To             : 
From Clock     : 
To Clock       : 
Failed Paths   : 44

--------------------------------------------------------------------------------------

