--------------------------------------------------------------------------------------
Timing Analyzer Summary
--------------------------------------------------------------------------------------

Type           : Worst-case tco
Slack          : N/A
Required Time  : None
Actual Time    : 16.382 ns
From           : wimp51_lab3:inst3|ir_out_2
To             : acc1[1]
From Clock     : clk
To Clock       : --
Failed Paths   : 0

Type           : Clock Setup: 'clk'
Slack          : N/A
Required Time  : None
Actual Time    : 164.20 MHz ( period = 6.090 ns )
From           : I8051_ROM:inst|data[3]
To             : wimp51_lab3:inst3|ir_out_3
From Clock     : clk
To Clock       : clk
Failed Paths   : 0

Type           : Clock Hold: 'clk'
Slack          : Not operational: Clock Skew > Data Delay
Required Time  : None
Actual Time    : N/A
From           : wimp51_lab3:inst3|CU_state_0
To             : wimp51_lab3:inst3|addr_dup0_7
From Clock     : clk
To Clock       : clk
Failed Paths   : 48

Type           : Total number of failed paths
Slack          : 
Required Time  : 
Actual Time    : 
From           : 
To             : 
From Clock     : 
To Clock       : 
Failed Paths   : 48

--------------------------------------------------------------------------------------

