Analysis & Synthesis report for Lab2
Wed Oct 06 11:34:13 2010
Quartus II Version 8.0 Build 231 07/10/2008 Service Pack 1 SJ Full Version


---------------------
; Table of Contents ;
---------------------
  1. Legal Notice
  2. Analysis & Synthesis Summary
  3. Analysis & Synthesis Settings
  4. Analysis & Synthesis Source Files Read
  5. Analysis & Synthesis Resource Usage Summary
  6. Analysis & Synthesis Resource Utilization by Entity
  7. User-Specified and Inferred Latches
  8. General Register Statistics
  9. Analysis & Synthesis Messages



----------------
; Legal Notice ;
----------------
Copyright (C) 1991-2008 Altera Corporation
Your use of Altera Corporation's design tools, logic functions 
and other software and tools, and its AMPP partner logic 
functions, and any output files from any of the foregoing 
(including device programming or simulation files), and any 
associated documentation or information are expressly subject 
to the terms and conditions of the Altera Program License 
Subscription Agreement, Altera MegaCore Function License 
Agreement, or other applicable license agreement, including, 
without limitation, that your use is for the sole purpose of 
programming logic devices manufactured by Altera and sold by 
Altera or its authorized distributors.  Please refer to the 
applicable agreement for further details.



+------------------------------------------------------------------------------------+
; Analysis & Synthesis Summary                                                       ;
+------------------------------------+-----------------------------------------------+
; Analysis & Synthesis Status        ; Successful - Wed Oct 06 11:34:13 2010         ;
; Quartus II Version                 ; 8.0 Build 231 07/10/2008 SP 1 SJ Full Version ;
; Revision Name                      ; Lab2                                          ;
; Top-level Entity Name              ; TopLevel                                      ;
; Family                             ; Cyclone II                                    ;
; Total logic elements               ; 248                                           ;
;     Total combinational functions  ; 248                                           ;
;     Dedicated logic registers      ; 99                                            ;
; Total registers                    ; 99                                            ;
; Total pins                         ; 91                                            ;
; Total virtual pins                 ; 0                                             ;
; Total memory bits                  ; 0                                             ;
; Embedded Multiplier 9-bit elements ; 0                                             ;
; Total PLLs                         ; 0                                             ;
+------------------------------------+-----------------------------------------------+


+--------------------------------------------------------------------------------------------------------+
; Analysis & Synthesis Settings                                                                          ;
+--------------------------------------------------------------+--------------------+--------------------+
; Option                                                       ; Setting            ; Default Value      ;
+--------------------------------------------------------------+--------------------+--------------------+
; Device                                                       ; EP2C35F672C6       ;                    ;
; Top-level entity name                                        ; TopLevel           ; Lab2               ;
; Family name                                                  ; Cyclone II         ; Stratix II         ;
; Use Generated Physical Constraints File                      ; Off                ;                    ;
; Use smart compilation                                        ; Off                ; Off                ;
; Maximum processors allowed for parallel compilation          ; 1                  ; 1                  ;
; Restructure Multiplexers                                     ; Auto               ; Auto               ;
; Create Debugging Nodes for IP Cores                          ; Off                ; Off                ;
; Preserve fewer node names                                    ; On                 ; On                 ;
; Disable OpenCore Plus hardware evaluation                    ; Off                ; Off                ;
; Verilog Version                                              ; Verilog_2001       ; Verilog_2001       ;
; VHDL Version                                                 ; VHDL93             ; VHDL93             ;
; State Machine Processing                                     ; Auto               ; Auto               ;
; Safe State Machine                                           ; Off                ; Off                ;
; Extract Verilog State Machines                               ; On                 ; On                 ;
; Extract VHDL State Machines                                  ; On                 ; On                 ;
; Ignore Verilog initial constructs                            ; Off                ; Off                ;
; Iteration limit for constant Verilog loops                   ; 5000               ; 5000               ;
; Iteration limit for non-constant Verilog loops               ; 250                ; 250                ;
; Add Pass-Through Logic to Inferred RAMs                      ; On                 ; On                 ;
; Parallel Synthesis                                           ; Off                ; Off                ;
; DSP Block Balancing                                          ; Auto               ; Auto               ;
; NOT Gate Push-Back                                           ; On                 ; On                 ;
; Power-Up Don't Care                                          ; On                 ; On                 ;
; Remove Redundant Logic Cells                                 ; Off                ; Off                ;
; Remove Duplicate Registers                                   ; On                 ; On                 ;
; Ignore CARRY Buffers                                         ; Off                ; Off                ;
; Ignore CASCADE Buffers                                       ; Off                ; Off                ;
; Ignore GLOBAL Buffers                                        ; Off                ; Off                ;
; Ignore ROW GLOBAL Buffers                                    ; Off                ; Off                ;
; Ignore LCELL Buffers                                         ; Off                ; Off                ;
; Ignore SOFT Buffers                                          ; On                 ; On                 ;
; Limit AHDL Integers to 32 Bits                               ; Off                ; Off                ;
; Optimization Technique                                       ; Balanced           ; Balanced           ;
; Carry Chain Length                                           ; 70                 ; 70                 ;
; Auto Carry Chains                                            ; On                 ; On                 ;
; Auto Open-Drain Pins                                         ; On                 ; On                 ;
; Perform WYSIWYG Primitive Resynthesis                        ; Off                ; Off                ;
; Perform gate-level register retiming                         ; Off                ; Off                ;
; Allow register retiming to trade off Tsu/Tco with Fmax       ; On                 ; On                 ;
; Auto ROM Replacement                                         ; On                 ; On                 ;
; Auto RAM Replacement                                         ; On                 ; On                 ;
; Auto Shift Register Replacement                              ; Auto               ; Auto               ;
; Auto Clock Enable Replacement                                ; On                 ; On                 ;
; Strict RAM Replacement                                       ; Off                ; Off                ;
; Allow Synchronous Control Signals                            ; On                 ; On                 ;
; Force Use of Synchronous Clear Signals                       ; Off                ; Off                ;
; Auto RAM to Logic Cell Conversion                            ; Off                ; Off                ;
; Auto Resource Sharing                                        ; Off                ; Off                ;
; Allow Any RAM Size For Recognition                           ; Off                ; Off                ;
; Allow Any ROM Size For Recognition                           ; Off                ; Off                ;
; Allow Any Shift Register Size For Recognition                ; Off                ; Off                ;
; Ignore translate_off and synthesis_off directives            ; Off                ; Off                ;
; Show Parameter Settings Tables in Synthesis Report           ; On                 ; On                 ;
; Ignore Maximum Fan-Out Assignments                           ; Off                ; Off                ;
; Synchronization Register Chain Length                        ; 2                  ; 2                  ;
; PowerPlay Power Optimization                                 ; Normal compilation ; Normal compilation ;
; HDL message level                                            ; Level2             ; Level2             ;
; Suppress Register Optimization Related Messages              ; Off                ; Off                ;
; Number of Removed Registers Reported in Synthesis Report     ; 100                ; 100                ;
; Number of Inverted Registers Reported in Synthesis Report    ; 100                ; 100                ;
; Clock MUX Protection                                         ; On                 ; On                 ;
; Block Design Naming                                          ; Auto               ; Auto               ;
; SDC constraint protection                                    ; Off                ; Off                ;
; Synthesis Effort                                             ; Auto               ; Auto               ;
; Shift Register Replacement - Allow Asynchronous Clear Signal ; On                 ; On                 ;
+--------------------------------------------------------------+--------------------+--------------------+


+------------------------------------------------------------------------------------------------------------------------------------------+
; Analysis & Synthesis Source Files Read                                                                                                   ;
+----------------------------------+-----------------+------------------------------------+------------------------------------------------+
; File Name with User-Entered Path ; Used in Netlist ; File Type                          ; File Name with Absolute Path                   ;
+----------------------------------+-----------------+------------------------------------+------------------------------------------------+
; wimp51_lab3_fault_injected.edf   ; yes             ; User EDIF File                     ; S:/CpE 214/Lab3/wimp51_lab3_fault_injected.edf ;
; TopLevel.bdf                     ; yes             ; User Block Diagram/Schematic File  ; S:/CpE 214/Lab3/TopLevel.bdf                   ;
; wimp51_rom_ref.vhd               ; yes             ; User VHDL File                     ; S:/CpE 214/Lab3/wimp51_rom_ref.vhd             ;
; i8051_lib.vhd                    ; yes             ; User VHDL File                     ; S:/CpE 214/Lab3/i8051_lib.vhd                  ;
; Lab2.bdf                         ; yes             ; User Block Diagram/Schematic File  ; S:/CpE 214/Lab3/Lab2.bdf                       ;
+----------------------------------+-----------------+------------------------------------+------------------------------------------------+


+-----------------------------------------------------+
; Analysis & Synthesis Resource Usage Summary         ;
+---------------------------------------------+-------+
; Resource                                    ; Usage ;
+---------------------------------------------+-------+
; Estimated Total logic elements              ; 248   ;
;                                             ;       ;
; Total combinational functions               ; 248   ;
; Logic element usage by number of LUT inputs ;       ;
;     -- 4 input functions                    ; 187   ;
;     -- 3 input functions                    ; 45    ;
;     -- <=2 input functions                  ; 16    ;
;                                             ;       ;
; Logic elements by mode                      ;       ;
;     -- normal mode                          ; 231   ;
;     -- arithmetic mode                      ; 17    ;
;                                             ;       ;
; Total registers                             ; 99    ;
;     -- Dedicated logic registers            ; 99    ;
;     -- I/O registers                        ; 0     ;
;                                             ;       ;
; I/O pins                                    ; 91    ;
; Maximum fan-out node                        ; rst   ;
; Maximum fan-out                             ; 107   ;
; Total fan-out                               ; 1396  ;
; Average fan-out                             ; 3.19  ;
+---------------------------------------------+-------+


+--------------------------------------------------------------------------------------------------------------------------------------------------------------------------------------------------+
; Analysis & Synthesis Resource Utilization by Entity                                                                                                                                              ;
+----------------------------+-------------------+--------------+-------------+--------------+---------+-----------+------+--------------+------------------------------------------+--------------+
; Compilation Hierarchy Node ; LC Combinationals ; LC Registers ; Memory Bits ; DSP Elements ; DSP 9x9 ; DSP 18x18 ; Pins ; Virtual Pins ; Full Hierarchy Name                      ; Library Name ;
+----------------------------+-------------------+--------------+-------------+--------------+---------+-----------+------+--------------+------------------------------------------+--------------+
; |TopLevel                  ; 248 (0)           ; 99 (0)       ; 0           ; 0            ; 0       ; 0         ; 91   ; 0            ; |TopLevel                                ; work         ;
;    |I8051_ROM:inst|        ; 27 (27)           ; 0 (0)        ; 0           ; 0            ; 0       ; 0         ; 0    ; 0            ; |TopLevel|I8051_ROM:inst                 ; work         ;
;    |Lab2:inst12|           ; 8 (8)             ; 0 (0)        ; 0           ; 0            ; 0       ; 0         ; 0    ; 0            ; |TopLevel|Lab2:inst12                    ; work         ;
;    |Lab2:inst13|           ; 7 (7)             ; 0 (0)        ; 0           ; 0            ; 0       ; 0         ; 0    ; 0            ; |TopLevel|Lab2:inst13                    ; work         ;
;    |Lab2:inst1|            ; 7 (7)             ; 0 (0)        ; 0           ; 0            ; 0       ; 0         ; 0    ; 0            ; |TopLevel|Lab2:inst1                     ; work         ;
;    |Lab2:inst2|            ; 7 (7)             ; 0 (0)        ; 0           ; 0            ; 0       ; 0         ; 0    ; 0            ; |TopLevel|Lab2:inst2                     ; work         ;
;    |Lab2:inst4|            ; 7 (7)             ; 0 (0)        ; 0           ; 0            ; 0       ; 0         ; 0    ; 0            ; |TopLevel|Lab2:inst4                     ; work         ;
;    |Lab2:inst5|            ; 7 (7)             ; 0 (0)        ; 0           ; 0            ; 0       ; 0         ; 0    ; 0            ; |TopLevel|Lab2:inst5                     ; work         ;
;    |Lab2:inst8|            ; 7 (7)             ; 0 (0)        ; 0           ; 0            ; 0       ; 0         ; 0    ; 0            ; |TopLevel|Lab2:inst8                     ; work         ;
;    |Lab2:inst9|            ; 7 (7)             ; 0 (0)        ; 0           ; 0            ; 0       ; 0         ; 0    ; 0            ; |TopLevel|Lab2:inst9                     ; work         ;
;    |wimp51_lab3:inst3|     ; 164 (64)          ; 99 (34)      ; 0           ; 0            ; 0       ; 0         ; 1    ; 0            ; |TopLevel|wimp51_lab3:inst3              ; work         ;
;       |alu:ALU|            ; 44 (44)           ; 1 (1)        ; 0           ; 0            ; 0       ; 0         ; 0    ; 0            ; |TopLevel|wimp51_lab3:inst3|alu:ALU      ; work         ;
;       |regfile:REGS|       ; 56 (56)           ; 64 (64)      ; 0           ; 0            ; 0       ; 0         ; 0    ; 0            ; |TopLevel|wimp51_lab3:inst3|regfile:REGS ; work         ;
+----------------------------+-------------------+--------------+-------------+--------------+---------+-----------+------+--------------+------------------------------------------+--------------+
Note: For table entries with two numbers listed, the numbers in parentheses indicate the number of resources of the given type used by the specific entity alone. The numbers listed outside of parentheses indicate the total resources of the given type used by the specific entity and all of its sub-entities in the hierarchy.


+-------------------------------------------------------------------------------------------------------------+
; User-Specified and Inferred Latches                                                                         ;
+----------------------------------------------------+-------------------------------+------------------------+
; Latch Name                                         ; Latch Enable Signal           ; Free of Timing Hazards ;
+----------------------------------------------------+-------------------------------+------------------------+
; I8051_ROM:inst|data[1]                             ; wimp51_lab3:inst3|psen_n_dup0 ; yes                    ;
; I8051_ROM:inst|data[0]                             ; wimp51_lab3:inst3|psen_n_dup0 ; yes                    ;
; I8051_ROM:inst|data[2]                             ; wimp51_lab3:inst3|psen_n_dup0 ; yes                    ;
; I8051_ROM:inst|data[3]                             ; wimp51_lab3:inst3|psen_n_dup0 ; yes                    ;
; I8051_ROM:inst|data[4]                             ; wimp51_lab3:inst3|psen_n_dup0 ; yes                    ;
; I8051_ROM:inst|data[5]                             ; wimp51_lab3:inst3|psen_n_dup0 ; yes                    ;
; I8051_ROM:inst|data[6]                             ; wimp51_lab3:inst3|psen_n_dup0 ; yes                    ;
; I8051_ROM:inst|data[7]                             ; wimp51_lab3:inst3|psen_n_dup0 ; yes                    ;
; Number of user-specified and inferred latches = 8  ;                               ;                        ;
+----------------------------------------------------+-------------------------------+------------------------+
Note: All latches listed above may not be present at the end of synthesis due to various synthesis optimizations.


+------------------------------------------------------+
; General Register Statistics                          ;
+----------------------------------------------+-------+
; Statistic                                    ; Value ;
+----------------------------------------------+-------+
; Total registers                              ; 99    ;
; Number of registers using Synchronous Clear  ; 0     ;
; Number of registers using Synchronous Load   ; 0     ;
; Number of registers using Asynchronous Clear ; 99    ;
; Number of registers using Asynchronous Load  ; 0     ;
; Number of registers using Clock Enable       ; 97    ;
; Number of registers using Preset             ; 0     ;
+----------------------------------------------+-------+


+-------------------------------+
; Analysis & Synthesis Messages ;
+-------------------------------+
Info: *******************************************************************
Info: Running Quartus II Analysis & Synthesis
    Info: Version 8.0 Build 231 07/10/2008 Service Pack 1 SJ Full Version
    Info: Processing started: Wed Oct 06 11:34:08 2010
Info: Command: quartus_map --read_settings_files=on --write_settings_files=off Lab2 -c Lab2
Info: Found 3 design units, including 3 entities, in source file wimp51_lab3_fault_injected.edf
    Info: Found entity 1: alu
    Info: Found entity 2: regfile
    Info: Found entity 3: wimp51_lab3
Info: Found 1 design units, including 1 entities, in source file TopLevel.bdf
    Info: Found entity 1: TopLevel
Info: Found 2 design units, including 1 entities, in source file wimp51_rom_ref.vhd
    Info: Found design unit 1: I8051_ROM-BHV
    Info: Found entity 1: I8051_ROM
Info: Found 1 design units, including 0 entities, in source file i8051_lib.vhd
    Info: Found design unit 1: I8051_LIB
Info: Found 1 design units, including 1 entities, in source file Lab2.bdf
    Info: Found entity 1: Lab2
Info: Found 1 design units, including 1 entities, in source file 7_seg_dec.bdf
    Info: Found entity 1: 7_seg_dec
Info: Elaborating entity "TopLevel" for the top level hierarchy
Info: Elaborating entity "wimp51_lab3" for hierarchy "wimp51_lab3:inst3"
Warning: EDA design entry or synthesis tool was not specified.  Detecting EDA tool "LeonardoSpectrum" as the tool that generated the EDIF Input File.
Info: Elaborating entity "alu" for hierarchy "wimp51_lab3:inst3|alu:ALU"
Warning: EDA design entry or synthesis tool was not specified.  Detecting EDA tool "LeonardoSpectrum" as the tool that generated the EDIF Input File.
Info: Elaborating entity "regfile" for hierarchy "wimp51_lab3:inst3|regfile:REGS"
Warning: EDA design entry or synthesis tool was not specified.  Detecting EDA tool "LeonardoSpectrum" as the tool that generated the EDIF Input File.
Info: Elaborating entity "I8051_ROM" for hierarchy "I8051_ROM:inst"
Warning (10631): VHDL Process Statement warning at wimp51_rom_ref.vhd(49): inferring latch(es) for signal or variable "data", which holds its previous value in one or more paths through the process
Info (10041): Inferred latch for "data[0]" at wimp51_rom_ref.vhd(49)
Info (10041): Inferred latch for "data[1]" at wimp51_rom_ref.vhd(49)
Info (10041): Inferred latch for "data[2]" at wimp51_rom_ref.vhd(49)
Info (10041): Inferred latch for "data[3]" at wimp51_rom_ref.vhd(49)
Info (10041): Inferred latch for "data[4]" at wimp51_rom_ref.vhd(49)
Info (10041): Inferred latch for "data[5]" at wimp51_rom_ref.vhd(49)
Info (10041): Inferred latch for "data[6]" at wimp51_rom_ref.vhd(49)
Info (10041): Inferred latch for "data[7]" at wimp51_rom_ref.vhd(49)
Info: Elaborating entity "Lab2" for hierarchy "Lab2:inst5"
Info: WYSIWYG I/O primitives converted to equivalent logic
    Info: WYSIWYG I/O primitive "wimp51_lab3:inst3|psen_n" converted to equivalent logic
    Info: WYSIWYG I/O primitive "wimp51_lab3:inst3|acc_0" converted to equivalent logic
    Info: WYSIWYG I/O primitive "wimp51_lab3:inst3|acc_1" converted to equivalent logic
    Info: WYSIWYG I/O primitive "wimp51_lab3:inst3|acc_2" converted to equivalent logic
    Info: WYSIWYG I/O primitive "wimp51_lab3:inst3|acc_3" converted to equivalent logic
    Info: WYSIWYG I/O primitive "wimp51_lab3:inst3|acc_4" converted to equivalent logic
    Info: WYSIWYG I/O primitive "wimp51_lab3:inst3|acc_5" converted to equivalent logic
    Info: WYSIWYG I/O primitive "wimp51_lab3:inst3|acc_6" converted to equivalent logic
    Info: WYSIWYG I/O primitive "wimp51_lab3:inst3|acc_7" converted to equivalent logic
    Info: WYSIWYG I/O primitive "wimp51_lab3:inst3|addr_0" converted to equivalent logic
    Info: WYSIWYG I/O primitive "wimp51_lab3:inst3|addr_1" converted to equivalent logic
    Info: WYSIWYG I/O primitive "wimp51_lab3:inst3|addr_2" converted to equivalent logic
    Info: WYSIWYG I/O primitive "wimp51_lab3:inst3|addr_3" converted to equivalent logic
    Info: WYSIWYG I/O primitive "wimp51_lab3:inst3|addr_4" converted to equivalent logic
    Info: WYSIWYG I/O primitive "wimp51_lab3:inst3|addr_5" converted to equivalent logic
    Info: WYSIWYG I/O primitive "wimp51_lab3:inst3|addr_6" converted to equivalent logic
    Info: WYSIWYG I/O primitive "wimp51_lab3:inst3|addr_7" converted to equivalent logic
    Info: WYSIWYG I/O primitive "wimp51_lab3:inst3|R0_0" converted to equivalent logic
    Info: WYSIWYG I/O primitive "wimp51_lab3:inst3|R0_1" converted to equivalent logic
    Info: WYSIWYG I/O primitive "wimp51_lab3:inst3|R0_2" converted to equivalent logic
    Info: WYSIWYG I/O primitive "wimp51_lab3:inst3|R0_3" converted to equivalent logic
    Info: WYSIWYG I/O primitive "wimp51_lab3:inst3|R0_4" converted to equivalent logic
    Info: WYSIWYG I/O primitive "wimp51_lab3:inst3|R0_5" converted to equivalent logic
    Info: WYSIWYG I/O primitive "wimp51_lab3:inst3|R0_6" converted to equivalent logic
    Info: WYSIWYG I/O primitive "wimp51_lab3:inst3|R0_7" converted to equivalent logic
    Info: WYSIWYG I/O primitive "wimp51_lab3:inst3|rst_ibuf" converted to equivalent logic
    Info: WYSIWYG I/O primitive "wimp51_lab3:inst3|data_ibuf_7" converted to equivalent logic
    Info: WYSIWYG I/O primitive "wimp51_lab3:inst3|data_ibuf_6" converted to equivalent logic
    Info: WYSIWYG I/O primitive "wimp51_lab3:inst3|data_ibuf_5" converted to equivalent logic
    Info: WYSIWYG I/O primitive "wimp51_lab3:inst3|data_ibuf_4" converted to equivalent logic
    Info: WYSIWYG I/O primitive "wimp51_lab3:inst3|data_ibuf_3" converted to equivalent logic
    Info: WYSIWYG I/O primitive "wimp51_lab3:inst3|data_ibuf_1" converted to equivalent logic
    Info: WYSIWYG I/O primitive "wimp51_lab3:inst3|data_ibuf_0" converted to equivalent logic
    Info: WYSIWYG I/O primitive "wimp51_lab3:inst3|data_ibuf_2" converted to equivalent logic
Info: Implemented 420 device resources after synthesis - the final resource count might be different
    Info: Implemented 2 input pins
    Info: Implemented 89 output pins
    Info: Implemented 329 logic cells
Info: Quartus II Analysis & Synthesis was successful. 0 errors, 4 warnings
    Info: Peak virtual memory: 177 megabytes
    Info: Processing ended: Wed Oct 06 11:34:13 2010
    Info: Elapsed time: 00:00:05
    Info: Total CPU time (on all processors): 00:00:03


