Classic Timing Analyzer report for 7seg
Tue Oct 06 16:07:03 2009
Quartus II Version 8.0 Build 215 05/29/2008 SJ Full Version


---------------------
; Table of Contents ;
---------------------
  1. Legal Notice
  2. Timing Analyzer Summary
  3. Timing Analyzer Settings
  4. tpd
  5. Timing Analyzer Messages



----------------
; Legal Notice ;
----------------
Copyright (C) 1991-2008 Altera Corporation
Your use of Altera Corporation's design tools, logic functions 
and other software and tools, and its AMPP partner logic 
functions, and any output files from any of the foregoing 
(including device programming or simulation files), and any 
associated documentation or information are expressly subject 
to the terms and conditions of the Altera Program License 
Subscription Agreement, Altera MegaCore Function License 
Agreement, or other applicable license agreement, including, 
without limitation, that your use is for the sole purpose of 
programming logic devices manufactured by Altera and sold by 
Altera or its authorized distributors.  Please refer to the 
applicable agreement for further details.



+-----------------------------------------------------------------------------------------------------------------------+
; Timing Analyzer Summary                                                                                               ;
+------------------------------+-------+---------------+-------------+------+----+------------+----------+--------------+
; Type                         ; Slack ; Required Time ; Actual Time ; From ; To ; From Clock ; To Clock ; Failed Paths ;
+------------------------------+-------+---------------+-------------+------+----+------------+----------+--------------+
; Worst-case tpd               ; N/A   ; None          ; 7.490 ns    ; 2    ; a  ; --         ; --       ; 0            ;
; Total number of failed paths ;       ;               ;             ;      ;    ;            ;          ; 0            ;
+------------------------------+-------+---------------+-------------+------+----+------------+----------+--------------+


+--------------------------------------------------------------------------------------------------------------------+
; Timing Analyzer Settings                                                                                           ;
+---------------------------------------------------------------------+--------------------+------+----+-------------+
; Option                                                              ; Setting            ; From ; To ; Entity Name ;
+---------------------------------------------------------------------+--------------------+------+----+-------------+
; Device Name                                                         ; EP2C35F672C6       ;      ;    ;             ;
; Timing Models                                                       ; Final              ;      ;    ;             ;
; Default hold multicycle                                             ; Same as Multicycle ;      ;    ;             ;
; Cut paths between unrelated clock domains                           ; On                 ;      ;    ;             ;
; Cut off read during write signal paths                              ; On                 ;      ;    ;             ;
; Cut off feedback from I/O pins                                      ; On                 ;      ;    ;             ;
; Report Combined Fast/Slow Timing                                    ; Off                ;      ;    ;             ;
; Ignore Clock Settings                                               ; Off                ;      ;    ;             ;
; Analyze latches as synchronous elements                             ; On                 ;      ;    ;             ;
; Enable Recovery/Removal analysis                                    ; Off                ;      ;    ;             ;
; Enable Clock Latency                                                ; Off                ;      ;    ;             ;
; Use TimeQuest Timing Analyzer                                       ; Off                ;      ;    ;             ;
; Minimum Core Junction Temperature                                   ; 0                  ;      ;    ;             ;
; Maximum Core Junction Temperature                                   ; 85                 ;      ;    ;             ;
; Number of source nodes to report per destination node               ; 10                 ;      ;    ;             ;
; Number of destination nodes to report                               ; 10                 ;      ;    ;             ;
; Number of paths to report                                           ; 200                ;      ;    ;             ;
; Report Minimum Timing Checks                                        ; Off                ;      ;    ;             ;
; Use Fast Timing Models                                              ; Off                ;      ;    ;             ;
; Report IO Paths Separately                                          ; Off                ;      ;    ;             ;
; Perform Multicorner Analysis                                        ; On                 ;      ;    ;             ;
; Reports the worst-case path for each clock domain and analysis      ; Off                ;      ;    ;             ;
; Removes common clock path pessimism (CCPP) during slack computation ; Off                ;      ;    ;             ;
+---------------------------------------------------------------------+--------------------+------+----+-------------+


+---------------------------------------------------------+
; tpd                                                     ;
+-------+-------------------+-----------------+------+----+
; Slack ; Required P2P Time ; Actual P2P Time ; From ; To ;
+-------+-------------------+-----------------+------+----+
; N/A   ; None              ; 7.490 ns        ; 2    ; a  ;
; N/A   ; None              ; 7.465 ns        ; 2    ; c  ;
; N/A   ; None              ; 7.456 ns        ; 2    ; b  ;
; N/A   ; None              ; 7.242 ns        ; 2    ; d  ;
; N/A   ; None              ; 7.241 ns        ; 2    ; e  ;
; N/A   ; None              ; 7.226 ns        ; 2    ; f  ;
; N/A   ; None              ; 7.200 ns        ; 2    ; g  ;
; N/A   ; None              ; 7.186 ns        ; 1    ; a  ;
; N/A   ; None              ; 7.169 ns        ; 1    ; c  ;
; N/A   ; None              ; 7.155 ns        ; 1    ; b  ;
; N/A   ; None              ; 6.936 ns        ; 1    ; e  ;
; N/A   ; None              ; 6.936 ns        ; 1    ; d  ;
; N/A   ; None              ; 6.923 ns        ; 1    ; g  ;
; N/A   ; None              ; 6.921 ns        ; 1    ; f  ;
; N/A   ; None              ; 6.883 ns        ; 4    ; a  ;
; N/A   ; None              ; 6.865 ns        ; 4    ; c  ;
; N/A   ; None              ; 6.853 ns        ; 4    ; b  ;
; N/A   ; None              ; 6.634 ns        ; 4    ; e  ;
; N/A   ; None              ; 6.634 ns        ; 4    ; d  ;
; N/A   ; None              ; 6.619 ns        ; 4    ; g  ;
; N/A   ; None              ; 6.618 ns        ; 4    ; f  ;
; N/A   ; None              ; 6.226 ns        ; 8    ; a  ;
; N/A   ; None              ; 6.193 ns        ; 8    ; b  ;
; N/A   ; None              ; 6.171 ns        ; 8    ; c  ;
; N/A   ; None              ; 5.981 ns        ; 8    ; e  ;
; N/A   ; None              ; 5.978 ns        ; 8    ; d  ;
; N/A   ; None              ; 5.941 ns        ; 8    ; f  ;
; N/A   ; None              ; 5.937 ns        ; 8    ; g  ;
+-------+-------------------+-----------------+------+----+


+--------------------------+
; Timing Analyzer Messages ;
+--------------------------+
Info: *******************************************************************
Info: Running Quartus II Classic Timing Analyzer
    Info: Version 8.0 Build 215 05/29/2008 SJ Full Version
    Info: Processing started: Tue Oct 06 16:07:02 2009
Info: Command: quartus_tan --read_settings_files=off --write_settings_files=off 7seg -c 7seg --timing_analysis_only
Info: Longest tpd from source pin "2" to destination pin "a" is 7.490 ns
    Info: 1: + IC(0.000 ns) + CELL(0.999 ns) = 0.999 ns; Loc. = PIN_N26; Fanout = 7; PIN Node = '2'
    Info: 2: + IC(2.454 ns) + CELL(0.419 ns) = 3.872 ns; Loc. = LCCOMB_X28_Y1_N24; Fanout = 1; COMB Node = 'I_36_214~129'
    Info: 3: + IC(0.820 ns) + CELL(2.798 ns) = 7.490 ns; Loc. = PIN_AF10; Fanout = 0; PIN Node = 'a'
    Info: Total cell delay = 4.216 ns ( 56.29 % )
    Info: Total interconnect delay = 3.274 ns ( 43.71 % )
Info: Quartus II Classic Timing Analyzer was successful. 0 errors, 0 warnings
    Info: Peak virtual memory: 128 megabytes
    Info: Processing ended: Tue Oct 06 16:07:04 2009
    Info: Elapsed time: 00:00:02
    Info: Total CPU time (on all processors): 00:00:01


